<?xml version="1.0" encoding="utf-8"?><testsuites name="pytest tests"><testsuite name="pytest" errors="0" failures="0" skipped="1" tests="48" time="68.548" timestamp="2026-02-19T09:13:58.275046+00:00" hostname="cn-08-30-03"><testcase classname="tests.test_data" name="test_get_batch" time="1.298" /><testcase classname="tests.test_model" name="test_linear" time="0.787" /><testcase classname="tests.test_model" name="test_embedding" time="0.109" /><testcase classname="tests.test_model" name="test_swiglu" time="0.102" /><testcase classname="tests.test_model" name="test_scaled_dot_product_attention" time="0.198" /><testcase classname="tests.test_model" name="test_4d_scaled_dot_product_attention" time="22.091" /><testcase classname="tests.test_model" name="test_multihead_self_attention" time="0.194" /><testcase classname="tests.test_model" name="test_multihead_self_attention_with_rope" time="0.242" /><testcase classname="tests.test_model" name="test_transformer_lm" time="0.278" /><testcase classname="tests.test_model" name="test_transformer_lm_truncated_input" time="0.371" /><testcase classname="tests.test_model" name="test_transformer_block" time="0.043" /><testcase classname="tests.test_model" name="test_rmsnorm" time="0.032" /><testcase classname="tests.test_model" name="test_rope" time="0.047" /><testcase classname="tests.test_model" name="test_silu_matches_pytorch" time="0.048" /><testcase classname="tests.test_nn_utils" name="test_softmax_matches_pytorch" time="0.014" /><testcase classname="tests.test_nn_utils" name="test_cross_entropy" time="0.074" /><testcase classname="tests.test_nn_utils" name="test_gradient_clipping" time="0.114" /><testcase classname="tests.test_optimizer" name="test_adamw" time="1.623" /><testcase classname="tests.test_optimizer" name="test_get_lr_cosine_schedule" time="0.001" /><testcase classname="tests.test_serialization" name="test_checkpointing" time="0.076" /><testcase classname="tests.test_tokenizer" name="test_roundtrip_empty" time="0.311" /><testcase classname="tests.test_tokenizer" name="test_empty_matches_tiktoken" time="6.766" /><testcase classname="tests.test_tokenizer" name="test_roundtrip_single_character" time="0.253" /><testcase classname="tests.test_tokenizer" name="test_single_character_matches_tiktoken" time="0.236" /><testcase classname="tests.test_tokenizer" name="test_roundtrip_single_unicode_character" time="0.249" /><testcase classname="tests.test_tokenizer" name="test_single_unicode_character_matches_tiktoken" time="0.240" /><testcase classname="tests.test_tokenizer" name="test_roundtrip_ascii_string" time="0.247" /><testcase classname="tests.test_tokenizer" name="test_ascii_string_matches_tiktoken" time="0.252" /><testcase classname="tests.test_tokenizer" name="test_roundtrip_unicode_string" time="0.229" /><testcase classname="tests.test_tokenizer" name="test_unicode_string_matches_tiktoken" time="0.264" /><testcase classname="tests.test_tokenizer" name="test_roundtrip_unicode_string_with_special_tokens" time="0.259" /><testcase classname="tests.test_tokenizer" name="test_unicode_string_with_special_tokens_matches_tiktoken" time="0.263" /><testcase classname="tests.test_tokenizer" name="test_overlapping_special_tokens" time="0.250" /><testcase classname="tests.test_tokenizer" name="test_address_roundtrip" time="0.231" /><testcase classname="tests.test_tokenizer" name="test_address_matches_tiktoken" time="0.248" /><testcase classname="tests.test_tokenizer" name="test_german_roundtrip" time="0.234" /><testcase classname="tests.test_tokenizer" name="test_german_matches_tiktoken" time="0.235" /><testcase classname="tests.test_tokenizer" name="test_tinystories_sample_roundtrip" time="0.254" /><testcase classname="tests.test_tokenizer" name="test_tinystories_matches_tiktoken" time="0.254" /><testcase classname="tests.test_tokenizer" name="test_encode_special_token_trailing_newlines" time="0.275" /><testcase classname="tests.test_tokenizer" name="test_encode_special_token_double_newline_non_whitespace" time="0.256" /><testcase classname="tests.test_tokenizer" name="test_encode_iterable_tinystories_sample_roundtrip" time="0.258" /><testcase classname="tests.test_tokenizer" name="test_encode_iterable_tinystories_matches_tiktoken" time="0.263" /><testcase classname="tests.test_tokenizer" name="test_encode_iterable_memory_usage" time="13.236" /><testcase classname="tests.test_tokenizer" name="test_encode_memory_usage" time="10.424"><skipped type="pytest.xfail" message="Tokenizer.encode is expected to take more memory than allotted (1MB)." /></testcase><testcase classname="tests.test_train_bpe" name="test_train_bpe_speed" time="0.509" /><testcase classname="tests.test_train_bpe" name="test_train_bpe" time="0.476" /><testcase classname="tests.test_train_bpe" name="test_train_bpe_special_tokens" time="2.101" /></testsuite></testsuites>